[debug] [2022-12-27T11:39:05.437Z] ----------------------------------------------------------------------
[debug] [2022-12-27T11:39:05.444Z] Command:       /usr/local/bin/firebase /home/robo/.cache/firebase/tools/lib/node_modules/firebase-tools/lib/bin/firebase init
[debug] [2022-12-27T11:39:05.445Z] CLI Version:   11.19.0
[debug] [2022-12-27T11:39:05.446Z] Platform:      linux
[debug] [2022-12-27T11:39:05.446Z] Node Version:  v16.16.0
[debug] [2022-12-27T11:39:05.448Z] Time:          Tue Dec 27 2022 17:09:05 GMT+0530 (India Standard Time)
[debug] [2022-12-27T11:39:05.449Z] ----------------------------------------------------------------------
[debug] 
[debug] [2022-12-27T11:39:05.470Z] > command requires scopes: ["email","openid","https://www.googleapis.com/auth/cloudplatformprojects.readonly","https://www.googleapis.com/auth/firebase","https://www.googleapis.com/auth/cloud-platform"]
[debug] [2022-12-27T11:39:05.472Z] > authorizing via signed-in user (adityababar715@gmail.com)
[info] 
     ######## #### ########  ######## ########     ###     ######  ########
     ##        ##  ##     ## ##       ##     ##  ##   ##  ##       ##
     ######    ##  ########  ######   ########  #########  ######  ######
     ##        ##  ##    ##  ##       ##     ## ##     ##       ## ##
     ##       #### ##     ## ######## ########  ##     ##  ######  ########

You're about to initialize a Firebase project in this directory:

  /home/robo/Code/mywebsite-backend

[info] 
=== Project Setup
[info] 
[info] First, let's associate this project directory with a Firebase project.
[info] You can create multiple project aliases by running firebase use --add, 
[info] but for now we'll just set up a default project.
[info] 
[debug] [2022-12-27T11:41:35.547Z] > refreshing access token with scopes: []
[debug] [2022-12-27T11:41:35.555Z] >>> [apiv2][query] POST https://www.googleapis.com/oauth2/v3/token [none]
[debug] [2022-12-27T11:41:35.555Z] >>> [apiv2][body] POST https://www.googleapis.com/oauth2/v3/token [omitted]
[debug] [2022-12-27T11:41:36.174Z] <<< [apiv2][status] POST https://www.googleapis.com/oauth2/v3/token 200
[debug] [2022-12-27T11:41:36.174Z] <<< [apiv2][body] POST https://www.googleapis.com/oauth2/v3/token [omitted]
[debug] [2022-12-27T11:41:36.191Z] >>> [apiv2][query] GET https://firebase.googleapis.com/v1beta1/projects pageSize=100
[debug] [2022-12-27T11:41:37.087Z] <<< [apiv2][status] GET https://firebase.googleapis.com/v1beta1/projects 200
[debug] [2022-12-27T11:41:37.087Z] <<< [apiv2][body] GET https://firebase.googleapis.com/v1beta1/projects [omitted]
[info] i  Using project adityababar-me (my-website) 
[info] 
=== Hosting Setup
[info] 
[info] Your public directory is the folder (relative to your project directory) that
[info] will contain Hosting assets to be uploaded with firebase deploy. If you
[info] have a build process for your assets, use your build's output directory.
[info] 
[debug] [2022-12-27T11:47:07.879Z] >>> [apiv2][query] GET https://www.gstatic.com/firebasejs/releases.json [none]
[debug] [2022-12-27T11:47:08.379Z] <<< [apiv2][status] GET https://www.gstatic.com/firebasejs/releases.json 200
[debug] [2022-12-27T11:47:08.381Z] <<< [apiv2][body] GET https://www.gstatic.com/firebasejs/releases.json {"current":{"version":"9.15.0","browserURL":"https://www.gstatic.com/firebasejs/9.15.0/firebase.js","packageURL":"https://www.gstatic.com/firebasejs/9.15.0/firebase.tgz"},"live":{"version":"9.15","browserURL":"https://www.gstatic.com/firebasejs/live/9.15/firebase.js","packageURL":"https://www.gstatic.com/firebasejs/live/9.15/firebase.tgz"},"components":{"analytics":"https://www.gstatic.com/firebasejs/9.15.0/firebase-analytics.js","app":"https://www.gstatic.com/firebasejs/9.15.0/firebase-app.js","app-check":"https://www.gstatic.com/firebasejs/9.15.0/firebase-app-check.js","auth":"https://www.gstatic.com/firebasejs/9.15.0/firebase-auth.js","auth/cordova":"https://www.gstatic.com/firebasejs/9.15.0/firebase-auth/cordova.js","auth/react-native":"https://www.gstatic.com/firebasejs/9.15.0/firebase-auth/react-native.js","functions":"https://www.gstatic.com/firebasejs/9.15.0/firebase-functions.js","firestore":"https://www.gstatic.com/firebasejs/9.15.0/firebase-firestore.js","firestore/lite":"https://www.gstatic.com/firebasejs/9.15.0/firebase-firestore/lite.js","installations":"https://www.gstatic.com/firebasejs/9.15.0/firebase-installations.js","storage":"https://www.gstatic.com/firebasejs/9.15.0/firebase-storage.js","performance":"https://www.gstatic.com/firebasejs/9.15.0/firebase-performance.js","remote-config":"https://www.gstatic.com/firebasejs/9.15.0/firebase-remote-config.js","messaging":"https://www.gstatic.com/firebasejs/9.15.0/firebase-messaging.js","messaging/sw":"https://www.gstatic.com/firebasejs/9.15.0/firebase-messaging/sw.js","database":"https://www.gstatic.com/firebasejs/9.15.0/firebase-database.js","firestore.memory":"https://www.gstatic.com/firebasejs/9.15.0/firebase-firestore.memory.js"}}
[info] ✔  Wrote templates/index.html 
[info] 
[info] i  Detected a .git folder at /home/robo/Code/mywebsite-backend 
[info] i  Authorizing with GitHub to upload your service account to a GitHub repository's secrets store. 
[info] 
[info] Visit this URL on this device to log in:
[info] https://github.com/login/oauth/authorize?client_id=89cf50f02ac6aaed3484&state=788148229&redirect_uri=http%3A%2F%2Flocalhost%3A9005&scope=read%3Auser%20repo%20public_repo
[info] 
[info] Waiting for authentication...
[debug] [2022-12-27T11:47:10.036Z] >>> [apiv2][query] POST https://github.com/login/oauth/access_token [none]
[debug] [2022-12-27T11:47:10.038Z] >>> [apiv2][body] POST https://github.com/login/oauth/access_token [stream]
[debug] [2022-12-27T11:47:10.635Z] <<< [apiv2][status] POST https://github.com/login/oauth/access_token 200
[debug] [2022-12-27T11:47:10.636Z] <<< [apiv2][body] POST https://github.com/login/oauth/access_token {"access_token":"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","token_type":"bearer","scope":"read:user,repo"}
[debug] [2022-12-27T11:47:10.644Z] >>> [apiv2][query] GET https://api.github.com/user [none]
[debug] [2022-12-27T11:47:11.318Z] <<< [apiv2][status] GET https://api.github.com/user 200
[debug] [2022-12-27T11:47:11.319Z] <<< [apiv2][body] GET https://api.github.com/user {"login":"adityababar07","id":70708282,"node_id":"MDQ6VXNlcjcwNzA4Mjgy","avatar_url":"https://avatars.githubusercontent.com/u/70708282?v=4","gravatar_id":"","url":"https://api.github.com/users/adityababar07","html_url":"https://github.com/adityababar07","followers_url":"https://api.github.com/users/adityababar07/followers","following_url":"https://api.github.com/users/adityababar07/following{/other_user}","gists_url":"https://api.github.com/users/adityababar07/gists{/gist_id}","starred_url":"https://api.github.com/users/adityababar07/starred{/owner}{/repo}","subscriptions_url":"https://api.github.com/users/adityababar07/subscriptions","organizations_url":"https://api.github.com/users/adityababar07/orgs","repos_url":"https://api.github.com/users/adityababar07/repos","events_url":"https://api.github.com/users/adityababar07/events{/privacy}","received_events_url":"https://api.github.com/users/adityababar07/received_events","type":"User","site_admin":false,"name":"Aditya Babar","company":null,"blog":"https://adityababar-me.web.app/","location":"miraj, maharashtra","email":null,"hireable":true,"bio":"machine learning with python is my  craze","twitter_username":"adityababr20","public_repos":16,"public_gists":0,"followers":3,"following":3,"created_at":"2020-09-03T14:24:47Z","updated_at":"2022-12-09T01:00:11Z","private_gists":0,"total_private_repos":7,"owned_private_repos":7,"disk_usage":34869,"collaborators":0,"two_factor_authentication":false,"plan":{"name":"pro","space":976562499,"collaborators":0,"private_repos":9999}}
[info] 
[info] ✔  Success! Logged into GitHub as adityababar07 
[info] 
